`> [16, 0] Program
   +> ListDeclClass [List with 0 elements]
   `> [16, 0] Main
      +> ListDeclVar [List with 2 elements]
      |  []> [17, 8] DeclVar
      |  ||  +> [17, 4] Identifier (int)
      |  ||  +> [17, 8] Identifier (secret)
      |  ||  `> NoInitialization
      |  []> [17, 16] DeclVar
      |      +> [17, 4] Identifier (int)
      |      +> [17, 16] Identifier (user)
      |      `> NoInitialization
      `> ListInst [List with 5 elements]
         []> [18, 11] Assign
         ||  +> [18, 4] Identifier (secret)
         ||  `> [18, 13] Int (421)
         []> [19, 4] Println
         ||  `> ListExpr [List with 1 elements]
         ||     []> [19, 12] StringLiteral (Quel est mon nombre entre 0 et 1000 ?)
         []> [20, 9] Assign
         ||  +> [20, 4] Identifier (user)
         ||  `> [20, 11] ReadInt
         []> [21, 4] While
         ||  +> [21, 11] Not
         ||  |  `> [21, 19] Equals
         ||  |     +> [21, 14] Identifier (user)
         ||  |     `> [21, 22] Identifier (secret)
         ||  `> ListInst [List with 3 elements]
         ||     []> [22, 8] IfThenElse
         ||     ||  +> [22, 17] Lower
         ||     ||  |  +> [22, 12] Identifier (user)
         ||     ||  |  `> [22, 19] Identifier (secret)
         ||     ||  +> ListInst [List with 1 elements]
         ||     ||  |  []> [23, 12] Print
         ||     ||  |      `> ListExpr [List with 1 elements]
         ||     ||  |         []> [23, 18] StringLiteral (Trop petit !)
         ||     ||  `> ListInst [List with 1 elements]
         ||     ||     []> [25, 12] Print
         ||     ||         `> ListExpr [List with 1 elements]
         ||     ||            []> [25, 18] StringLiteral (Trop grand !)
         ||     []> [27, 8] Println
         ||     ||  `> ListExpr [List with 1 elements]
         ||     ||     []> [27, 16] StringLiteral ( Autre proposition ?)
         ||     []> [28, 13] Assign
         ||         +> [28, 8] Identifier (user)
         ||         `> [28, 15] ReadInt
         []> [30, 4] Println
             `> ListExpr [List with 1 elements]
                []> [30, 12] StringLiteral (Bravo...)
