`> [1, 0] Program
   +> ListDeclClass [List with 0 elements]
   `> [1, 0] Main
      +> ListDeclVar [List with 1 elements]
      |  []> [2, 8] DeclVar
      |      +> [2, 4] Identifier (int)
      |      +> [2, 8] Identifier (x)
      |      `> [2, 10] Initialization
      |         `> [2, 12] Int (2)
      `> ListInst [List with 1 elements]
         []> [3, 4] IfThenElse
             +> [3, 9] Equals
             |  +> [3, 9] Identifier (x)
             |  `> [3, 14] Int (0)
             +> ListInst [List with 1 elements]
             |  []> [4, 8] Println
             |      `> ListExpr [List with 2 elements]
             |         []> [4, 16] StringLiteral (hello if)
             |         []> [4, 28] Identifier (x)
             `> ListInst [List with 1 elements]
                []> [6, 8] Println
                    `> ListExpr [List with 2 elements]
                       []> [6, 16] StringLiteral (hello else)
                       []> [6, 30] Identifier (x)
