`> [6, 0] Program
   +> ListDeclClass [List with 0 elements]
   `> [6, 0] Main
      +> ListDeclVar [List with 1 elements]
      |  []> [7, 8] DeclVar
      |      +> [7, 4] Identifier (int)
      |      +> [7, 8] Identifier (x)
      |      `> [7, 10] Initialization
      |         `> [7, 12] Int (4)
      `> ListInst [List with 2 elements]
         []> [8, 4] IfThenElse
         ||  +> [8, 11] Equals
         ||  |  +> [8, 9] Identifier (x)
         ||  |  `> [8, 14] Int (4)
         ||  +> ListInst [List with 0 elements]
         ||  `> ListInst [List with 0 elements]
         []> [9, 4] Println
             `> ListExpr [List with 1 elements]
                []> [9, 12] StringLiteral (hello)
