`> [8, 0] Program
   +> ListDeclClass [List with 0 elements]
   `> [8, 0] Main
      +> ListDeclVar [List with 1 elements]
      |  []> [9, 8] DeclVar
      |      +> [9, 4] Identifier (int)
      |      +> [9, 8] Identifier (x)
      |      `> [9, 10] Initialization
      |         `> [9, 12] Int (0)
      `> ListInst [List with 1 elements]
         []> [10, 4] While
             +> [10, 14] Equals
             |  +> [10, 12] Identifier (x)
             |  `> [10, 17] Int (0)
             `> ListInst [List with 2 elements]
                []> [11, 6] Assign
                ||  +> [11, 5] Identifier (x)
                ||  `> [11, 7] Int (1)
                []> [12, 5] Println
                    `> ListExpr [List with 1 elements]
                       []> [12, 13] StringLiteral (OK)
