`> [7, 0] Program
   +> ListDeclClass [List with 0 elements]
   `> [7, 0] Main
      +> ListDeclVar [List with 2 elements]
      |  []> [8, 8] DeclVar
      |  ||  +> [8, 4] Identifier (int)
      |  ||  +> [8, 8] Identifier (x)
      |  ||  `> [8, 10] Initialization
      |  ||     `> [8, 12] Int (2)
      |  []> [9, 8] DeclVar
      |      +> [9, 4] Identifier (int)
      |      +> [9, 8] Identifier (y)
      |      `> [9, 10] Initialization
      |         `> [9, 12] Int (3)
      `> ListInst [List with 1 elements]
         []> [10, 4] IfThenElse
             +> [10, 16] Or
             |  +> [10, 11] Equals
             |  |  +> [10, 9] Identifier (x)
             |  |  `> [10, 14] Int (2)
             |  `> [10, 21] Equals
             |     +> [10, 19] Identifier (y)
             |     `> [10, 24] Int (2)
             +> ListInst [List with 1 elements]
             |  []> [11, 8] Println
             |      `> ListExpr [List with 1 elements]
             |         []> [11, 16] StringLiteral (ok)
             `> ListInst [List with 1 elements]
                []> [13, 8] Print
                    `> ListExpr [List with 1 elements]
                       []> [13, 14] StringLiteral (erreur)
