`> [8, 0] Program
   +> ListDeclClass [List with 0 elements]
   `> [8, 0] Main
      +> ListDeclVar [List with 2 elements]
      |  []> [9, 8] DeclVar
      |  ||  +> [9, 4] Identifier (int)
      |  ||  +> [9, 8] Identifier (x)
      |  ||  `> [9, 10] Initialization
      |  ||     `> [9, 12] Int (2)
      |  []> [10, 8] DeclVar
      |      +> [10, 4] Identifier (int)
      |      +> [10, 8] Identifier (y)
      |      `> [10, 10] Initialization
      |         `> [10, 12] Int (3)
      `> ListInst [List with 1 elements]
         []> [11, 4] IfThenElse
             +> [11, 16] And
             |  +> [11, 11] Equals
             |  |  +> [11, 9] Identifier (x)
             |  |  `> [11, 14] Int (2)
             |  `> [11, 21] Equals
             |     +> [11, 19] Identifier (y)
             |     `> [11, 24] Int (3)
             +> ListInst [List with 1 elements]
             |  []> [12, 8] Println
             |      `> ListExpr [List with 1 elements]
             |         []> [12, 16] StringLiteral (ok)
             `> ListInst [List with 1 elements]
                []> [14, 8] Print
                    `> ListExpr [List with 1 elements]
                       []> [14, 14] StringLiteral (erreur)
