`> [8, 0] Program
   +> ListDeclClass [List with 2 elements]
   |  []> [8, 0] DeclClass
   |  ||  +> [8, 6] Identifier (B)
   |  ||  |  definition: type defined at [8, 0], type=B
   |  ||  +> Identifier (Object)
   |  ||  |  definition: type (builtin), type=Object
   |  ||  +> ListDeclField [List with 0 elements]
   |  ||  `> ListDeclMethod [List with 0 elements]
   |  []> [12, 0] DeclClass
   |      +> [12, 6] Identifier (A)
   |      |  definition: type defined at [12, 0], type=A
   |      +> Identifier (Object)
   |      |  definition: type (builtin), type=Object
   |      +> ListDeclField [List with 1 elements]
   |      |  []> [13, 6] DeclField
   |      |      +> [13, 4] Identifier (B)
   |      |      |  definition: type defined at [8, 0], type=B
   |      |      +> [13, 6] Identifier (b)
   |      |      `> NoInitialization
   |      `> ListDeclMethod [List with 0 elements]
   `> [17, 0] Main
      +> ListDeclVar [List with 1 elements]
      |  []> [18, 6] DeclVar
      |      +> [18, 4] Identifier (A)
      |      |  definition: type defined at [12, 0], type=A
      |      +> [18, 6] Identifier (a)
      |      |  definition: variable defined at [18, 6], type=A
      |      `> [18, 8] Initialization
      |         `> [18, 10] New
      |            type: A
      |            `> [18, 14] Identifier (A)
      |               definition: type defined at [12, 0], type=A
      `> ListInst [List with 0 elements]
