`> [8, 0] Program
   +> ListDeclClass [List with 1 elements]
   |  []> [8, 0] DeclClass
   |      +> [8, 6] Identifier (B)
   |      |  definition: type defined at [8, 0], type=B
   |      +> Identifier (Object)
   |      |  definition: type (builtin), type=Object
   |      +> ListDeclField [List with 1 elements]
   |      |  []> [9, 10] DeclField
   |      |      +> [9, 4] Identifier (float)
   |      |      |  definition: type (builtin), type=float
   |      |      +> [9, 10] Identifier (x)
   |      |      |  definition: field defined at [9, 10], type=float
   |      |      `> Initialization
   |      |         `> ConvFloat
   |      |            type: float
   |      |            `> [9, 12] Int (2)
   |      |               type: int
   |      `> ListDeclMethod [List with 1 elements]
   |         []> [10, 4] DeclMethod
   |             +> [10, 4] Identifier (void)
   |             |  definition: type (builtin), type=void
   |             +> [10, 9] Identifier (plus)
   |             |  definition: method defined at [10, 4], type=void
   |             +> ListDeclParam [List with 3 elements]
   |             |  []> [10, 14] DeclParam
   |             |  ||  +> [10, 14] Identifier (int)
   |             |  ||  |  definition: type (builtin), type=int
   |             |  ||  `> [10, 18] Identifier (y)
   |             |  ||     definition: parameter defined at [10, 14], type=int
   |             |  []> [10, 21] DeclParam
   |             |  ||  +> [10, 21] Identifier (int)
   |             |  ||  |  definition: type (builtin), type=int
   |             |  ||  `> [10, 25] Identifier (z)
   |             |  ||     definition: parameter defined at [10, 21], type=int
   |             |  []> [10, 28] DeclParam
   |             |      +> [10, 28] Identifier (float)
   |             |      |  definition: type (builtin), type=float
   |             |      `> [10, 34] Identifier (t)
   |             |         definition: parameter defined at [10, 28], type=float
   |             `> [10, 36] MethodBody
   |                +> ListDeclVar [List with 0 elements]
   |                `> ListInst [List with 1 elements]
   |                   []> [11, 13] Assign
   |                       type: float
   |                       +> [11, 12] Identifier (x)
   |                       |  definition: field defined at [9, 10], type=float
   |                       `> [11, 15] Plus
   |                          type: float
   |                          +> [11, 14] Identifier (x)
   |                          |  definition: field defined at [9, 10], type=float
   |                          `> [11, 21] Divide
   |                             type: float
   |                             +> ConvFloat
   |                             |  type: float
   |                             |  `> [11, 18] Minus
   |                             |     type: int
   |                             |     +> [11, 17] Identifier (y)
   |                             |     |  definition: parameter defined at [10, 14], type=int
   |                             |     `> [11, 19] Identifier (z)
   |                             |        definition: parameter defined at [10, 21], type=int
   |                             `> [11, 22] Identifier (t)
   |                                definition: parameter defined at [10, 28], type=float
   `> [15, 0] Main
      +> ListDeclVar [List with 1 elements]
      |  []> [16, 6] DeclVar
      |      +> [16, 4] Identifier (B)
      |      |  definition: type defined at [8, 0], type=B
      |      +> [16, 6] Identifier (b)
      |      |  definition: variable defined at [16, 6], type=B
      |      `> [16, 8] Initialization
      |         `> [16, 10] New
      |            type: B
      |            `> [16, 14] Identifier (B)
      |               definition: type defined at [8, 0], type=B
      `> ListInst [List with 2 elements]
         []> [17, 4] MethodCall
         ||  type: void
         ||  +> [17, 4] Identifier (b)
         ||  |  definition: variable defined at [16, 6], type=B
         ||  +> [17, 6] Identifier (plus)
         ||  |  definition: method defined at [10, 4], type=void
         ||  `> ListExpr [List with 3 elements]
         ||     []> [17, 11] Int (7)
         ||     ||  type: int
         ||     []> [17, 14] Int (4)
         ||     ||  type: int
         ||     []> [17, 17] Int (3)
         ||         type: int
         []> [18, 4] Println
             `> ListExpr [List with 2 elements]
                []> [18, 12] StringLiteral (x=)
                ||  type: string
                []> [18, 19] Selection
                    type: float
                    +> [18, 18] Identifier (b)
                    |  definition: variable defined at [16, 6], type=B
                    `> [18, 20] Identifier (x)
                       definition: field defined at [9, 10], type=float
