`> [10, 0] Program
   +> ListDeclClass [List with 2 elements]
   |  []> [10, 0] DeclClass
   |  ||  +> [10, 6] Identifier (A)
   |  ||  |  definition: type defined at [10, 0], type=A
   |  ||  +> Identifier (Object)
   |  ||  |  definition: type (builtin), type=Object
   |  ||  +> ListDeclField [List with 1 elements]
   |  ||  |  []> [11, 8] DeclField
   |  ||  |      +> [11, 4] Identifier (int)
   |  ||  |      |  definition: type (builtin), type=int
   |  ||  |      +> [11, 8] Identifier (x)
   |  ||  |      |  definition: field defined at [11, 8], type=int
   |  ||  |      `> NoInitialization
   |  ||  `> ListDeclMethod [List with 1 elements]
   |  ||     []> [12, 4] DeclMethod
   |  ||         +> [12, 4] Identifier (A)
   |  ||         |  definition: type defined at [10, 0], type=A
   |  ||         +> [12, 6] Identifier (setX)
   |  ||         |  definition: method defined at [12, 4], type=A
   |  ||         +> ListDeclParam [List with 1 elements]
   |  ||         |  []> [12, 11] DeclParam
   |  ||         |      +> [12, 11] Identifier (B)
   |  ||         |      |  definition: type defined at [17, 0], type=B
   |  ||         |      `> [12, 13] Identifier (b)
   |  ||         |         definition: parameter defined at [12, 11], type=B
   |  ||         `> [12, 16] MethodBody
   |  ||            +> ListDeclVar [List with 0 elements]
   |  ||            `> ListInst [List with 1 elements]
   |  ||               []> [13, 8] Return
   |  ||                   `> [13, 15] Identifier (b)
   |  ||                      definition: parameter defined at [12, 11], type=B
   |  []> [17, 0] DeclClass
   |      +> [17, 6] Identifier (B)
   |      |  definition: type defined at [17, 0], type=B
   |      +> [17, 16] Identifier (A)
   |      |  definition: type defined at [10, 0], type=A
   |      +> ListDeclField [List with 0 elements]
   |      `> ListDeclMethod [List with 0 elements]
   `> EmptyMain
