`> [8, 0] Program
   +> ListDeclClass [List with 2 elements]
   |  []> [8, 0] DeclClass
   |  ||  +> [8, 6] Identifier (A)
   |  ||  |  definition: type defined at [8, 0], type=A
   |  ||  +> Identifier (Object)
   |  ||  |  definition: type (builtin), type=Object
   |  ||  +> ListDeclField [List with 1 elements]
   |  ||  |  []> [9, 8] DeclField
   |  ||  |      +> [9, 4] Identifier (int)
   |  ||  |      |  definition: type (builtin), type=int
   |  ||  |      +> [9, 8] Identifier (x)
   |  ||  |      |  definition: field defined at [9, 8], type=int
   |  ||  |      `> NoInitialization
   |  ||  `> ListDeclMethod [List with 1 elements]
   |  ||     []> [10, 4] DeclMethod
   |  ||         +> [10, 4] Identifier (A)
   |  ||         |  definition: type defined at [8, 0], type=A
   |  ||         +> [10, 6] Identifier (setX)
   |  ||         |  definition: method defined at [10, 4], type=A
   |  ||         +> ListDeclParam [List with 1 elements]
   |  ||         |  []> [10, 11] DeclParam
   |  ||         |      +> [10, 11] Identifier (B)
   |  ||         |      |  definition: type defined at [15, 0], type=B
   |  ||         |      `> [10, 13] Identifier (b)
   |  ||         |         definition: parameter defined at [10, 11], type=B
   |  ||         `> [10, 16] MethodBody
   |  ||            +> ListDeclVar [List with 0 elements]
   |  ||            `> ListInst [List with 1 elements]
   |  ||               []> [11, 8] Return
   |  ||                   `> [11, 15] Identifier (b)
   |  ||                      definition: parameter defined at [10, 11], type=B
   |  []> [15, 0] DeclClass
   |      +> [15, 6] Identifier (B)
   |      |  definition: type defined at [15, 0], type=B
   |      +> [15, 16] Identifier (A)
   |      |  definition: type defined at [8, 0], type=A
   |      +> ListDeclField [List with 0 elements]
   |      `> ListDeclMethod [List with 0 elements]
   `> EmptyMain
