`> [8, 0] Program
   +> ListDeclClass [List with 1 elements]
   |  []> [8, 0] DeclClass
   |      +> [8, 6] Identifier (A)
   |      |  definition: type defined at [8, 0], type=A
   |      +> Identifier (Object)
   |      |  definition: type (builtin), type=Object
   |      +> ListDeclField [List with 0 elements]
   |      `> ListDeclMethod [List with 0 elements]
   `> [12, 0] Main
      +> ListDeclVar [List with 0 elements]
      `> ListInst [List with 1 elements]
         []> [13, 4] New
             type: A
             `> [13, 8] Identifier (A)
                definition: type defined at [8, 0], type=A
