`> [1, 0] Program
   +> ListDeclClass [List with 0 elements]
   `> [1, 0] Main
      +> ListDeclVar [List with 2 elements]
      |  []> [2, 7] DeclVar
      |  ||  +> [2, 1] Identifier (float)
      |  ||  +> [2, 7] Identifier (x)
      |  ||  `> NoInitialization
      |  []> [3, 5] DeclVar
      |      +> [3, 1] Identifier (int)
      |      +> [3, 5] Identifier (y)
      |      `> NoInitialization
      `> ListInst [List with 6 elements]
         []> [4, 2] Assign
         ||  +> [4, 1] Identifier (x)
         ||  `> [4, 3] Float (3.14)
         []> [5, 2] Assign
         ||  +> [5, 1] Identifier (y)
         ||  `> [5, 3] Int (5)
         []> [6, 1] Println
         ||  `> ListExpr [List with 2 elements]
         ||     []> [6, 9] StringLiteral (5=)
         ||     []> [6, 14] Identifier (y)
         []> [7, 1] Println
         ||  `> ListExpr [List with 2 elements]
         ||     []> [7, 9] StringLiteral (3.14=)
         ||     []> [7, 17] Identifier (x)
         []> [8, 2] Assign
         ||  +> [8, 1] Identifier (x)
         ||  `> [8, 3] Float (1.25)
         []> [9, 1] Println
             `> ListExpr [List with 2 elements]
                []> [9, 9] StringLiteral (1.25=)
                []> [9, 17] Identifier (x)
