`> [1, 0] Program
   +> ListDeclClass [List with 0 elements]
   `> [1, 0] Main
      +> ListDeclVar [List with 2 elements]
      |  []> [2, 8] DeclVar
      |  ||  +> [2, 4] Identifier (int)
      |  ||  +> [2, 8] Identifier (float)
      |  ||  `> NoInitialization
      |  []> [3, 10] DeclVar
      |      +> [3, 4] Identifier (float)
      |      +> [3, 10] Identifier (int)
      |      `> NoInitialization
      `> ListInst [List with 4 elements]
         []> [4, 10] Assign
         ||  +> [4, 4] Identifier (float)
         ||  `> [4, 12] Int (2)
         []> [5, 8] Assign
         ||  +> [5, 4] Identifier (int)
         ||  `> [5, 10] Float (2.5)
         []> [6, 4] Println
         ||  `> ListExpr [List with 2 elements]
         ||     []> [6, 12] StringLiteral (2 = )
         ||     []> [6, 20] Identifier (float)
         []> [7, 4] Println
             `> ListExpr [List with 2 elements]
                []> [7, 12] StringLiteral (2.5 = )
                []> [7, 22] Identifier (int)
