`> [9, 0] Program
   +> ListDeclClass [List with 0 elements]
   `> [9, 0] Main
      +> ListDeclVar [List with 1 elements]
      |  []> [10, 10] DeclVar
      |      +> [10, 4] Identifier (float)
      |      +> [10, 10] Identifier (x)
      |      `> [10, 12] Initialization
      |         `> [10, 18] Modulo
      |            +> [10, 14] Float (7.2)
      |            `> [10, 20] Int (1)
      `> ListInst [List with 1 elements]
         []> [11, 4] Println
             `> ListExpr [List with 2 elements]
                []> [11, 12] StringLiteral (x=)
                []> [11, 18] Identifier (x)
