`> [10, 0] Program
   +> ListDeclClass [List with 0 elements]
   `> [10, 0] Main
      +> ListDeclVar [List with 3 elements]
      |  []> [11, 10] DeclVar
      |  ||  +> [11, 4] Identifier (float)
      |  ||  +> [11, 10] Identifier (x)
      |  ||  `> NoInitialization
      |  []> [12, 10] DeclVar
      |  ||  +> [12, 4] Identifier (float)
      |  ||  +> [12, 10] Identifier (y)
      |  ||  `> [12, 12] Initialization
      |  ||     `> [12, 15] UnaryMinus
      |  ||        `> [12, 16] Float (7.2)
      |  []> [13, 8] DeclVar
      |      +> [13, 4] Identifier (int)
      |      +> [13, 8] Identifier (z)
      |      `> [13, 10] Initialization
      |         `> [13, 12] UnaryMinus
      |            `> [13, 14] UnaryMinus
      |               `> [13, 15] Int (5)
      `> ListInst [List with 4 elements]
         []> [14, 6] Assign
         ||  +> [14, 4] Identifier (x)
         ||  `> [14, 8] UnaryMinus
         ||     `> [14, 9] UnaryMinus
         ||        `> [14, 10] Int (1)
         []> [15, 4] Println
         ||  `> ListExpr [List with 2 elements]
         ||     []> [15, 12] StringLiteral (x=)
         ||     []> [15, 18] UnaryMinus
         ||         `> [15, 20] UnaryMinus
         ||            `> [15, 21] Identifier (x)
         []> [16, 4] Println
         ||  `> ListExpr [List with 2 elements]
         ||     []> [16, 12] StringLiteral (y=)
         ||     []> [16, 18] UnaryMinus
         ||         `> [16, 19] UnaryMinus
         ||            `> [16, 20] Identifier (y)
         []> [17, 4] Println
             `> ListExpr [List with 2 elements]
                []> [17, 12] StringLiteral (z=)
                []> [17, 18] Identifier (z)
