`> [10, 0] Program
   +> ListDeclClass [List with 0 elements]
   `> [10, 0] Main
      +> ListDeclVar [List with 3 elements]
      |  []> [11, 8] DeclVar
      |  ||  +> [11, 4] Identifier (int)
      |  ||  +> [11, 8] Identifier (t)
      |  ||  `> [11, 10] Initialization
      |  ||     `> [11, 12] Int (1)
      |  []> [12, 8] DeclVar
      |  ||  +> [12, 4] Identifier (int)
      |  ||  +> [12, 8] Identifier (y)
      |  ||  `> NoInitialization
      |  []> [13, 8] DeclVar
      |      +> [13, 4] Identifier (int)
      |      +> [13, 8] Identifier (z)
      |      `> NoInitialization
      `> ListInst [List with 3 elements]
         []> [14, 4] Println
         ||  `> ListExpr [List with 2 elements]
         ||     []> [14, 12] StringLiteral (y=)
         ||     []> [14, 20] Assign
         ||         +> [14, 18] Identifier (y)
         ||         `> [14, 24] Multiply
         ||            +> [14, 22] Int (7)
         ||            `> [14, 26] Identifier (t)
         []> [15, 4] Println
         ||  `> ListExpr [List with 2 elements]
         ||     []> [15, 12] StringLiteral (z=)
         ||     []> [15, 20] Assign
         ||         +> [15, 18] Identifier (z)
         ||         `> [15, 24] Multiply
         ||            +> [15, 22] Int (5)
         ||            `> [15, 26] UnaryMinus
         ||               `> [15, 27] Int (8)
         []> [16, 4] Println
             `> ListExpr [List with 2 elements]
                []> [16, 12] StringLiteral (x=)
                []> [16, 20] Multiply
                    +> [16, 18] Identifier (y)
                    `> [16, 23] UnaryMinus
                       `> [16, 24] Identifier (z)
