`> [8, 0] Program
   +> ListDeclClass [List with 0 elements]
   `> [8, 0] Main
      +> ListDeclVar [List with 3 elements]
      |  []> [9, 8] DeclVar
      |  ||  +> [9, 4] Identifier (int)
      |  ||  +> [9, 8] Identifier (x)
      |  ||  `> [9, 10] Initialization
      |  ||     `> [9, 12] Int (8)
      |  []> [10, 8] DeclVar
      |  ||  +> [10, 4] Identifier (int)
      |  ||  +> [10, 8] Identifier (y)
      |  ||  `> [10, 10] Initialization
      |  ||     `> [10, 12] Int (3)
      |  []> [11, 10] DeclVar
      |      +> [11, 4] Identifier (float)
      |      +> [11, 10] Identifier (z)
      |      `> [11, 12] Initialization
      |         `> [11, 14] UnaryMinus
      |            `> [11, 15] Int (20)
      `> ListInst [List with 1 elements]
         []> [12, 4] Println
             `> ListExpr [List with 2 elements]
                []> [12, 12] StringLiteral (Résultat=)
                []> [12, 39] Multiply
                    +> [12, 33] Modulo
                    |  +> [12, 29] Minus
                    |  |  +> [12, 27] Int (52)
                    |  |  `> [12, 30] Identifier (y)
                    |  `> [12, 35] Int (23)
                    `> [12, 44] Divide
                       +> [12, 42] Identifier (z)
                       `> [12, 46] Identifier (x)
