`> [12, 0] Program
   +> ListDeclClass [List with 0 elements]
   `> [12, 0] Main
      +> ListDeclVar [List with 1 elements]
      |  []> [13, 8] DeclVar
      |      +> [13, 4] Identifier (int)
      |      |  definition: type (builtin), type=int
      |      +> [13, 8] Identifier (x)
      |      |  definition: variable defined at [13, 8], type=int
      |      `> [13, 10] Initialization
      |         `> [13, 12] ReadInt
      |            type: int
      `> ListInst [List with 2 elements]
         []> [14, 4] Println
         ||  `> ListExpr [List with 1 elements]
         ||     []> [14, 12] StringLiteral (Veuillez entrer un nombre entier : )
         ||         type: string
         []> [15, 4] Println
             `> ListExpr [List with 2 elements]
                []> [15, 12] StringLiteral (x=)
                ||  type: string
                []> [15, 18] Identifier (x)
                    definition: variable defined at [13, 8], type=int
