`> [9, 0] Program
   +> ListDeclClass [List with 0 elements]
   `> [9, 0] Main
      +> ListDeclVar [List with 2 elements]
      |  []> [10, 10] DeclVar
      |  ||  +> [10, 4] Identifier (float)
      |  ||  |  definition: type (builtin), type=float
      |  ||  +> [10, 10] Identifier (x)
      |  ||  |  definition: variable defined at [10, 10], type=float
      |  ||  `> [10, 12] Initialization
      |  ||     `> ConvFloat
      |  ||        type: float
      |  ||        `> [10, 14] Int (1)
      |  ||           type: int
      |  []> [11, 10] DeclVar
      |      +> [11, 4] Identifier (float)
      |      |  definition: type (builtin), type=float
      |      +> [11, 10] Identifier (y)
      |      |  definition: variable defined at [11, 10], type=float
      |      `> [11, 12] Initialization
      |         `> [11, 14] UnaryMinus
      |            type: float
      |            `> [11, 16] Float (7.2)
      |               type: float
      `> ListInst [List with 2 elements]
         []> [12, 4] Print
         ||  `> ListExpr [List with 2 elements]
         ||     []> [12, 10] StringLiteral (x=)
         ||     ||  type: string
         ||     []> [12, 16] UnaryMinus
         ||         type: float
         ||         `> [12, 17] Identifier (x)
         ||            definition: variable defined at [10, 10], type=float
         []> [13, 4] Print
             `> ListExpr [List with 2 elements]
                []> [13, 10] StringLiteral (y=)
                ||  type: string
                []> [13, 16] UnaryMinus
                    type: float
                    `> [13, 17] Identifier (y)
                       definition: variable defined at [11, 10], type=float
