`> [10, 0] Program
   +> ListDeclClass [List with 0 elements]
   `> [10, 0] Main
      +> ListDeclVar [List with 3 elements]
      |  []> [11, 10] DeclVar
      |  ||  +> [11, 4] Identifier (float)
      |  ||  |  definition: type (builtin), type=float
      |  ||  +> [11, 10] Identifier (x)
      |  ||  |  definition: variable defined at [11, 10], type=float
      |  ||  `> NoInitialization
      |  []> [12, 10] DeclVar
      |  ||  +> [12, 4] Identifier (float)
      |  ||  |  definition: type (builtin), type=float
      |  ||  +> [12, 10] Identifier (y)
      |  ||  |  definition: variable defined at [12, 10], type=float
      |  ||  `> [12, 12] Initialization
      |  ||     `> [12, 15] UnaryMinus
      |  ||        type: float
      |  ||        `> [12, 16] Float (7.2)
      |  ||           type: float
      |  []> [13, 8] DeclVar
      |      +> [13, 4] Identifier (int)
      |      |  definition: type (builtin), type=int
      |      +> [13, 8] Identifier (z)
      |      |  definition: variable defined at [13, 8], type=int
      |      `> [13, 10] Initialization
      |         `> [13, 12] UnaryMinus
      |            type: int
      |            `> [13, 14] UnaryMinus
      |               type: int
      |               `> [13, 15] Int (5)
      |                  type: int
      `> ListInst [List with 4 elements]
         []> [14, 6] Assign
         ||  type: float
         ||  +> [14, 4] Identifier (x)
         ||  |  definition: variable defined at [11, 10], type=float
         ||  `> ConvFloat
         ||     type: float
         ||     `> [14, 8] UnaryMinus
         ||        type: int
         ||        `> [14, 9] UnaryMinus
         ||           type: int
         ||           `> [14, 10] Int (1)
         ||              type: int
         []> [15, 4] Println
         ||  `> ListExpr [List with 2 elements]
         ||     []> [15, 12] StringLiteral (x=)
         ||     ||  type: string
         ||     []> [15, 18] UnaryMinus
         ||         type: float
         ||         `> [15, 20] UnaryMinus
         ||            type: float
         ||            `> [15, 21] Identifier (x)
         ||               definition: variable defined at [11, 10], type=float
         []> [16, 4] Println
         ||  `> ListExpr [List with 2 elements]
         ||     []> [16, 12] StringLiteral (y=)
         ||     ||  type: string
         ||     []> [16, 18] UnaryMinus
         ||         type: float
         ||         `> [16, 19] UnaryMinus
         ||            type: float
         ||            `> [16, 20] Identifier (y)
         ||               definition: variable defined at [12, 10], type=float
         []> [17, 4] Println
             `> ListExpr [List with 2 elements]
                []> [17, 12] StringLiteral (z=)
                ||  type: string
                []> [17, 18] Identifier (z)
                    definition: variable defined at [13, 8], type=int
