`> [7, 0] Program
   +> ListDeclClass [List with 0 elements]
   `> [7, 0] Main
      +> ListDeclVar [List with 2 elements]
      |  []> [8, 7] DeclVar
      |  ||  +> [8, 3] Identifier (int)
      |  ||  +> [8, 7] Identifier (a)
      |  ||  `> NoInitialization
      |  []> [9, 11] DeclVar
      |      +> [9, 3] Identifier (boolean)
      |      +> [9, 11] Identifier (b)
      |      `> NoInitialization
      `> ListInst [List with 1 elements]
         []> [12, 5] Assign
             +> [12, 3] Identifier (a)
             `> [12, 7] Identifier (b)
