`> [8, 0] Program
   +> ListDeclClass [List with 0 elements]
   `> [8, 0] Main
      +> ListDeclVar [List with 2 elements]
      |  []> [9, 7] DeclVar
      |  ||  +> [9, 3] Identifier (int)
      |  ||  +> [9, 7] Identifier (a)
      |  ||  `> NoInitialization
      |  []> [10, 11] DeclVar
      |      +> [10, 3] Identifier (boolean)
      |      +> [10, 11] Identifier (b)
      |      `> NoInitialization
      `> ListInst [List with 1 elements]
         []> [13, 5] Assign
             +> [13, 3] Identifier (a)
             `> [13, 7] Identifier (b)
