`> [8, 0] Program
   +> ListDeclClass [List with 0 elements]
   `> [8, 0] Main
      +> ListDeclVar [List with 0 elements]
      `> ListInst [List with 3 elements]
         []> [9, 3] Println
         ||  `> ListExpr [List with 1 elements]
         ||     []> [9, 11] StringLiteral (ok)
         []> [10, 3] Print
         ||  `> ListExpr [List with 1 elements]
         ||     []> [10, 9] StringLiteral (ok)
         []> [11, 3] Println
             `> ListExpr [List with 0 elements]
