`> [6, 0] Program
   +> ListDeclClass [List with 0 elements]
   `> [6, 0] Main
      +> ListDeclVar [List with 2 elements]
      |  []> [7, 8] DeclVar
      |  ||  +> [7, 4] Identifier (int)
      |  ||  |  definition: type (builtin), type=int
      |  ||  +> [7, 8] Identifier (secret)
      |  ||  |  definition: variable defined at [7, 8], type=int
      |  ||  `> NoInitialization
      |  []> [7, 16] DeclVar
      |      +> [7, 4] Identifier (int)
      |      |  definition: type (builtin), type=int
      |      +> [7, 16] Identifier (user)
      |      |  definition: variable defined at [7, 16], type=int
      |      `> NoInitialization
      `> ListInst [List with 5 elements]
         []> [8, 11] Assign
         ||  type: int
         ||  +> [8, 4] Identifier (secret)
         ||  |  definition: variable defined at [7, 8], type=int
         ||  `> [8, 13] Int (421)
         ||     type: int
         []> [9, 4] Println
         ||  `> ListExpr [List with 1 elements]
         ||     []> [9, 12] StringLiteral (Quel est mon nombre entre 0 et 1000 ?)
         ||         type: string
         []> [10, 9] Assign
         ||  type: int
         ||  +> [10, 4] Identifier (user)
         ||  |  definition: variable defined at [7, 16], type=int
         ||  `> [10, 11] ReadInt
         ||     type: int
         []> [11, 4] While
         ||  +> [11, 11] Not
         ||  |  type: boolean
         ||  |  `> [11, 19] Equals
         ||  |     type: boolean
         ||  |     +> [11, 14] Identifier (user)
         ||  |     |  definition: variable defined at [7, 16], type=int
         ||  |     `> [11, 22] Identifier (secret)
         ||  |        definition: variable defined at [7, 8], type=int
         ||  `> ListInst [List with 3 elements]
         ||     []> [12, 8] IfThenElse
         ||     ||  +> [12, 17] Lower
         ||     ||  |  type: boolean
         ||     ||  |  +> [12, 12] Identifier (user)
         ||     ||  |  |  definition: variable defined at [7, 16], type=int
         ||     ||  |  `> [12, 19] Identifier (secret)
         ||     ||  |     definition: variable defined at [7, 8], type=int
         ||     ||  +> ListInst [List with 1 elements]
         ||     ||  |  []> [13, 12] Print
         ||     ||  |      `> ListExpr [List with 1 elements]
         ||     ||  |         []> [13, 18] StringLiteral (Trop petit !)
         ||     ||  |             type: string
         ||     ||  `> ListInst [List with 1 elements]
         ||     ||     []> [15, 12] Print
         ||     ||         `> ListExpr [List with 1 elements]
         ||     ||            []> [15, 18] StringLiteral (Trop grand !)
         ||     ||                type: string
         ||     []> [17, 8] Println
         ||     ||  `> ListExpr [List with 1 elements]
         ||     ||     []> [17, 16] StringLiteral ( Autre proposition ?)
         ||     ||         type: string
         ||     []> [18, 13] Assign
         ||         type: int
         ||         +> [18, 8] Identifier (user)
         ||         |  definition: variable defined at [7, 16], type=int
         ||         `> [18, 15] ReadInt
         ||            type: int
         []> [20, 4] Println
             `> ListExpr [List with 1 elements]
                []> [20, 12] StringLiteral (Bravo...)
                    type: string
