`> [10, 0] Program
   +> ListDeclClass [List with 0 elements]
   `> [10, 0] Main
      +> ListDeclVar [List with 1 elements]
      |  []> [11, 8] DeclVar
      |      +> [11, 4] Identifier (int)
      |      |  definition: type (builtin), type=int
      |      +> [11, 8] Identifier (x)
      |      |  definition: variable defined at [11, 8], type=int
      |      `> NoInitialization
      `> ListInst [List with 2 elements]
         []> [12, 4] Println
         ||  `> ListExpr [List with 1 elements]
         ||     []> [12, 12] StringLiteral (Veuillez entrer un nombre entier : )
         ||         type: string
         []> [13, 4] Println
             `> ListExpr [List with 2 elements]
                []> [13, 12] StringLiteral (x=)
                ||  type: string
                []> [13, 18] ReadInt
                    type: int
