`> [9, 0] Program
   +> ListDeclClass [List with 0 elements]
   `> [9, 0] Main
      +> ListDeclVar [List with 1 elements]
      |  []> [10, 8] DeclVar
      |      +> [10, 4] Identifier (int)
      |      |  definition: type (builtin), type=int
      |      +> [10, 8] Identifier (x)
      |      |  definition: variable defined at [10, 8], type=int
      |      `> [10, 10] Initialization
      |         `> [10, 12] Int (3)
      |            type: int
      `> ListInst [List with 1 elements]
         []> [11, 4] IfThenElse
             +> [11, 11] Equals
             |  type: boolean
             |  +> [11, 9] Identifier (x)
             |  |  definition: variable defined at [10, 8], type=int
             |  `> [11, 14] Int (0)
             |     type: int
             +> ListInst [List with 1 elements]
             |  []> [12, 8] Println
             |      `> ListExpr [List with 2 elements]
             |         []> [12, 16] StringLiteral (hello if)
             |         ||  type: string
             |         []> [12, 28] Identifier (x)
             |             definition: variable defined at [10, 8], type=int
             `> ListInst [List with 1 elements]
                []> [13, 11] IfThenElse
                    +> [13, 17] Equals
                    |  type: boolean
                    |  +> [13, 15] Identifier (x)
                    |  |  definition: variable defined at [10, 8], type=int
                    |  `> [13, 20] Int (3)
                    |     type: int
                    +> ListInst [List with 1 elements]
                    |  []> [14, 8] Println
                    |      `> ListExpr [List with 2 elements]
                    |         []> [14, 16] StringLiteral (hello else_if1 : )
                    |         ||  type: string
                    |         []> [14, 37] Identifier (x)
                    |             definition: variable defined at [10, 8], type=int
                    `> ListInst [List with 1 elements]
                       []> [15, 11] IfThenElse
                           +> [15, 17] Equals
                           |  type: boolean
                           |  +> [15, 15] Identifier (x)
                           |  |  definition: variable defined at [10, 8], type=int
                           |  `> [15, 20] Int (3)
                           |     type: int
                           +> ListInst [List with 1 elements]
                           |  []> [16, 8] Println
                           |      `> ListExpr [List with 2 elements]
                           |         []> [16, 16] StringLiteral (hello else_if2 : )
                           |         ||  type: string
                           |         []> [16, 37] Identifier (x)
                           |             definition: variable defined at [10, 8], type=int
                           `> ListInst [List with 1 elements]
                              []> [18, 8] Println
                                  `> ListExpr [List with 2 elements]
                                     []> [18, 16] StringLiteral (x < 0 : )
                                     ||  type: string
                                     []> [18, 28] Identifier (x)
                                         definition: variable defined at [10, 8], type=int
