`> [9, 0] Program
   +> ListDeclClass [List with 0 elements]
   `> [9, 0] Main
      +> ListDeclVar [List with 1 elements]
      |  []> [10, 8] DeclVar
      |      +> [10, 4] Identifier (int)
      |      |  definition: type (builtin), type=int
      |      +> [10, 8] Identifier (x)
      |      |  definition: variable defined at [10, 8], type=int
      |      `> [10, 10] Initialization
      |         `> [10, 12] Int (4)
      |            type: int
      `> ListInst [List with 2 elements]
         []> [11, 4] IfThenElse
         ||  +> [11, 11] Equals
         ||  |  type: boolean
         ||  |  +> [11, 9] Identifier (x)
         ||  |  |  definition: variable defined at [10, 8], type=int
         ||  |  `> [11, 14] Int (4)
         ||  |     type: int
         ||  +> ListInst [List with 0 elements]
         ||  `> ListInst [List with 0 elements]
         []> [12, 4] Println
             `> ListExpr [List with 1 elements]
                []> [12, 12] StringLiteral (hello)
                    type: string
