`> [8, 0] Program
   +> ListDeclClass [List with 0 elements]
   `> [8, 0] Main
      +> ListDeclVar [List with 1 elements]
      |  []> [9, 8] DeclVar
      |      +> [9, 4] Identifier (int)
      |      |  definition: type (builtin), type=int
      |      +> [9, 8] Identifier (x)
      |      |  definition: variable defined at [9, 8], type=int
      |      `> [9, 10] Initialization
      |         `> [9, 12] Int (0)
      |            type: int
      `> ListInst [List with 1 elements]
         []> [10, 4] While
             +> [10, 14] LowerOrEqual
             |  type: boolean
             |  +> [10, 12] Identifier (x)
             |  |  definition: variable defined at [9, 8], type=int
             |  `> [10, 17] Int (3)
             |     type: int
             `> ListInst [List with 2 elements]
                []> [11, 6] Assign
                ||  type: int
                ||  +> [11, 5] Identifier (x)
                ||  |  definition: variable defined at [9, 8], type=int
                ||  `> [11, 7] Int (4)
                ||     type: int
                []> [12, 5] Println
                    `> ListExpr [List with 1 elements]
                       []> [12, 13] StringLiteral (OK)
                           type: string
