`> [9, 0] Program
   +> ListDeclClass [List with 2 elements]
   |  []> [9, 0] DeclClass
   |  ||  +> [9, 6] Identifier (B)
   |  ||  +> Identifier (Object)
   |  ||  +> ListDeclField [List with 0 elements]
   |  ||  `> ListDeclMethod [List with 0 elements]
   |  []> [13, 0] DeclClass
   |      +> [13, 6] Identifier (B)
   |      +> Identifier (Object)
   |      +> ListDeclField [List with 0 elements]
   |      `> ListDeclMethod [List with 0 elements]
   `> [17, 0] Main
      +> ListDeclVar [List with 1 elements]
      |  []> [18, 6] DeclVar
      |      +> [18, 4] Identifier (B)
      |      +> [18, 6] Identifier (b)
      |      `> [18, 8] Initialization
      |         `> [18, 10] New
      |            `> [18, 14] Identifier (B)
      `> ListInst [List with 0 elements]
