`> [9, 0] Program
   +> ListDeclClass [List with 1 elements]
   |  []> [9, 0] DeclClass
   |      +> [9, 6] Identifier (A)
   |      +> Identifier (Object)
   |      +> ListDeclField [List with 0 elements]
   |      `> ListDeclMethod [List with 1 elements]
   |         []> [10, 4] DeclMethod
   |             +> [10, 4] Identifier (int)
   |             +> [10, 8] Identifier (suiteFibo)
   |             +> ListDeclParam [List with 1 elements]
   |             |  []> [10, 18] DeclParam
   |             |      +> [10, 18] Identifier (int)
   |             |      `> [10, 22] Identifier (n)
   |             `> [10, 25] MethodBody
   |                +> ListDeclVar [List with 0 elements]
   |                `> ListInst [List with 1 elements]
   |                   []> [12, 12] Return
   |                       `> [12, 34] Plus
   |                          +> [12, 19] MethodCall
   |                          |  +> [builtin] This
   |                          |  +> [12, 19] Identifier (suiteFibo)
   |                          |  `> ListExpr [List with 1 elements]
   |                          |     []> [12, 30] Minus
   |                          |         +> [12, 29] Identifier (n)
   |                          |         `> [12, 31] Int (1)
   |                          `> [12, 36] MethodCall
   |                             +> [builtin] This
   |                             +> [12, 36] Identifier (suiteFibo)
   |                             `> ListExpr [List with 1 elements]
   |                                []> [12, 47] Minus
   |                                    +> [12, 46] Identifier (n)
   |                                    `> [12, 48] Int (2)
   `> [16, 0] Main
      +> ListDeclVar [List with 1 elements]
      |  []> [17, 6] DeclVar
      |      +> [17, 4] Identifier (A)
      |      +> [17, 6] Identifier (a)
      |      `> [17, 8] Initialization
      |         `> [17, 10] New
      |            `> [17, 14] Identifier (A)
      `> ListInst [List with 1 elements]
         []> [18, 4] Println
             `> ListExpr [List with 2 elements]
                []> [18, 12] StringLiteral (x=)
                []> [18, 18] MethodCall
                    +> [18, 18] Identifier (a)
                    +> [18, 20] Identifier (suiteFibo)
                    `> ListExpr [List with 1 elements]
                       []> [18, 30] Int (7)
