`> [8, 0] Program
   +> ListDeclClass [List with 1 elements]
   |  []> [8, 0] DeclClass
   |      +> [8, 6] Identifier (B)
   |      +> Identifier (Object)
   |      +> ListDeclField [List with 1 elements]
   |      |  []> [9, 10] DeclField
   |      |      +> [9, 4] Identifier (float)
   |      |      +> [9, 10] Identifier (x)
   |      |      `> Initialization
   |      |         `> [9, 12] Int (2)
   |      `> ListDeclMethod [List with 1 elements]
   |         []> [10, 4] DeclMethod
   |             +> [10, 4] Identifier (void)
   |             +> [10, 9] Identifier (plus)
   |             +> ListDeclParam [List with 1 elements]
   |             |  []> [10, 14] DeclParam
   |             |      +> [10, 14] Identifier (int)
   |             |      `> [10, 18] Identifier (y)
   |             `> [10, 20] MethodBody
   |                +> ListDeclVar [List with 0 elements]
   |                `> ListInst [List with 1 elements]
   |                   []> [11, 13] Assign
   |                       +> [11, 12] Identifier (x)
   |                       `> [11, 15] Plus
   |                          +> [11, 14] Identifier (x)
   |                          `> [11, 16] Identifier (y)
   `> [15, 0] Main
      +> ListDeclVar [List with 1 elements]
      |  []> [16, 6] DeclVar
      |      +> [16, 4] Identifier (B)
      |      +> [16, 6] Identifier (b)
      |      `> [16, 8] Initialization
      |         `> [16, 10] New
      |            `> [16, 14] Identifier (B)
      `> ListInst [List with 2 elements]
         []> [17, 4] MethodCall
         ||  +> [17, 4] Identifier (b)
         ||  +> [17, 6] Identifier (plus)
         ||  `> ListExpr [List with 1 elements]
         ||     []> [17, 11] Int (7)
         []> [18, 4] Println
             `> ListExpr [List with 2 elements]
                []> [18, 12] StringLiteral (x=)
                []> [18, 19] Selection
                    +> [18, 18] Identifier (b)
                    `> [18, 20] Identifier (x)
