`> [9, 0] Program
   +> ListDeclClass [List with 2 elements]
   |  []> [9, 0] DeclClass
   |  ||  +> [9, 6] Identifier (B)
   |  ||  +> Identifier (Object)
   |  ||  +> ListDeclField [List with 1 elements]
   |  ||  |  []> [10, 8] DeclField
   |  ||  |      +> [10, 4] Identifier (int)
   |  ||  |      +> [10, 8] Identifier (x)
   |  ||  |      `> Initialization
   |  ||  |         `> [10, 10] Int (2)
   |  ||  `> ListDeclMethod [List with 1 elements]
   |  ||     []> [11, 4] DeclMethod
   |  ||         +> [11, 4] Identifier (void)
   |  ||         +> [11, 9] Identifier (plus)
   |  ||         +> ListDeclParam [List with 1 elements]
   |  ||         |  []> [11, 14] DeclParam
   |  ||         |      +> [11, 14] Identifier (int)
   |  ||         |      `> [11, 18] Identifier (y)
   |  ||         `> [11, 21] MethodBody
   |  ||            +> ListDeclVar [List with 0 elements]
   |  ||            `> ListInst [List with 1 elements]
   |  ||               []> [12, 13] Assign
   |  ||                   +> [12, 12] Identifier (x)
   |  ||                   `> [12, 15] Plus
   |  ||                      +> [12, 14] Identifier (x)
   |  ||                      `> [12, 16] Identifier (y)
   |  []> [16, 0] DeclClass
   |      +> [16, 6] Identifier (A)
   |      +> [16, 16] Identifier (B)
   |      +> ListDeclField [List with 1 elements]
   |      |  []> [17, 8] DeclField
   |      |      +> [17, 4] Identifier (int)
   |      |      +> [17, 8] Identifier (y)
   |      |      `> Initialization
   |      |         `> [17, 10] Int (2)
   |      `> ListDeclMethod [List with 1 elements]
   |         []> [18, 4] DeclMethod
   |             +> [18, 4] Identifier (int)
   |             +> [18, 8] Identifier (plus)
   |             +> ListDeclParam [List with 1 elements]
   |             |  []> [18, 13] DeclParam
   |             |      +> [18, 13] Identifier (int)
   |             |      `> [18, 17] Identifier (x)
   |             `> [18, 20] MethodBody
   |                +> ListDeclVar [List with 0 elements]
   |                `> ListInst [List with 1 elements]
   |                   []> [19, 8] Return
   |                       `> [19, 16] Assign
   |                          +> [19, 15] Identifier (y)
   |                          `> [19, 18] Plus
   |                             +> [19, 17] Identifier (x)
   |                             `> [19, 19] Identifier (y)
   `> [23, 0] Main
      +> ListDeclVar [List with 0 elements]
      `> ListInst [List with 0 elements]
