`> [7, 0] Program
   +> ListDeclClass [List with 3 elements]
   |  []> [7, 0] DeclClass
   |  ||  +> [7, 6] Identifier (A)
   |  ||  +> Identifier (Object)
   |  ||  +> ListDeclField [List with 1 elements]
   |  ||  |  []> [8, 18] DeclField
   |  ||  |      +> [8, 14] Identifier (int)
   |  ||  |      +> [8, 18] Identifier (x)
   |  ||  |      `> NoInitialization
   |  ||  `> ListDeclMethod [List with 3 elements]
   |  ||     []> [9, 4] DeclMethod
   |  ||     ||  +> [9, 4] Identifier (void)
   |  ||     ||  +> [9, 9] Identifier (setX)
   |  ||     ||  +> ListDeclParam [List with 1 elements]
   |  ||     ||  |  []> [9, 14] DeclParam
   |  ||     ||  |      +> [9, 14] Identifier (int)
   |  ||     ||  |      `> [9, 18] Identifier (x)
   |  ||     ||  `> [9, 21] MethodBody
   |  ||     ||     +> ListDeclVar [List with 0 elements]
   |  ||     ||     `> ListInst [List with 1 elements]
   |  ||     ||        []> [10, 15] Assign
   |  ||     ||            +> [10, 12] Selection
   |  ||     ||            |  +> [10, 8] This
   |  ||     ||            |  `> [10, 13] Identifier (x)
   |  ||     ||            `> [10, 17] Identifier (x)
   |  ||     []> [12, 4] DeclMethod
   |  ||     ||  +> [12, 4] Identifier (int)
   |  ||     ||  +> [12, 8] Identifier (getX)
   |  ||     ||  +> ListDeclParam [List with 0 elements]
   |  ||     ||  `> [12, 15] MethodBody
   |  ||     ||     +> ListDeclVar [List with 0 elements]
   |  ||     ||     `> ListInst [List with 1 elements]
   |  ||     ||        []> [13, 8] Return
   |  ||     ||            `> [13, 15] Identifier (x)
   |  ||     []> [15, 4] DeclMethod
   |  ||         +> [15, 4] Identifier (void)
   |  ||         +> [15, 9] Identifier (init)
   |  ||         +> ListDeclParam [List with 0 elements]
   |  ||         `> [15, 16] MethodBody
   |  ||            +> ListDeclVar [List with 0 elements]
   |  ||            `> ListInst [List with 1 elements]
   |  ||               []> [16, 10] Assign
   |  ||                   +> [16, 8] Identifier (x)
   |  ||                   `> [16, 12] Int (0)
   |  []> [20, 0] DeclClass
   |  ||  +> [20, 6] Identifier (B)
   |  ||  +> [20, 16] Identifier (A)
   |  ||  +> ListDeclField [List with 1 elements]
   |  ||  |  []> [21, 8] DeclField
   |  ||  |      +> [21, 4] Identifier (int)
   |  ||  |      +> [21, 8] Identifier (y)
   |  ||  |      `> NoInitialization
   |  ||  `> ListDeclMethod [List with 1 elements]
   |  ||     []> [22, 4] DeclMethod
   |  ||         +> [22, 4] Identifier (void)
   |  ||         +> [22, 9] Identifier (init)
   |  ||         +> ListDeclParam [List with 0 elements]
   |  ||         `> [22, 16] MethodBody
   |  ||            +> ListDeclVar [List with 0 elements]
   |  ||            `> ListInst [List with 2 elements]
   |  ||               []> [23, 8] MethodCall
   |  ||               ||  +> [23, 8] Identifier (setX)
   |  ||               ||  `> ListExpr [List with 1 elements]
   |  ||               ||     []> [23, 13] Int (0)
   |  ||               []> [24, 10] Assign
   |  ||                   +> [24, 8] Identifier (y)
   |  ||                   `> [24, 12] Int (0)
   |  []> [28, 0] DeclClass
   |      +> [28, 6] Identifier (C)
   |      +> [28, 16] Identifier (A)
   |      +> ListDeclField [List with 1 elements]
   |      |  []> [29, 8] DeclField
   |      |      +> [29, 4] Identifier (int)
   |      |      +> [29, 8] Identifier (z)
   |      |      `> NoInitialization
   |      `> ListDeclMethod [List with 1 elements]
   |         []> [30, 4] DeclMethod
   |             +> [30, 4] Identifier (void)
   |             +> [30, 9] Identifier (init)
   |             +> ListDeclParam [List with 0 elements]
   |             `> [30, 16] MethodBody
   |                +> ListDeclVar [List with 0 elements]
   |                `> ListInst [List with 2 elements]
   |                   []> [31, 10] Assign
   |                   ||  +> [31, 8] Identifier (x)
   |                   ||  `> [31, 12] Int (0)
   |                   []> [32, 10] Assign
   |                       +> [32, 8] Identifier (z)
   |                       `> [32, 12] Int (1)
   `> [36, 0] Main
      +> ListDeclVar [List with 1 elements]
      |  []> [37, 6] DeclVar
      |      +> [37, 4] Identifier (C)
      |      +> [37, 6] Identifier (c)
      |      `> [37, 8] Initialization
      |         `> [37, 10] New
      |            `> [37, 14] Identifier (C)
      `> ListInst [List with 2 elements]
         []> [38, 4] Println
         ||  `> ListExpr [List with 2 elements]
         ||     []> [38, 12] StringLiteral (z=)
         ||     []> [38, 19] Selection
         ||         +> [38, 18] Identifier (c)
         ||         `> [38, 20] Identifier (z)
         []> [39, 4] Println
             `> ListExpr [List with 2 elements]
                []> [39, 12] StringLiteral (y=)
                []> [39, 18] MethodCall
                    +> [39, 18] Identifier (c)
                    +> [39, 20] Identifier (getX)
                    `> ListExpr [List with 0 elements]
