`> [8, 0] Program
   +> ListDeclClass [List with 2 elements]
   |  []> [8, 0] DeclClass
   |  ||  +> [8, 6] Identifier (A)
   |  ||  +> Identifier (Object)
   |  ||  +> ListDeclField [List with 1 elements]
   |  ||  |  []> [9, 8] DeclField
   |  ||  |      +> [9, 4] Identifier (int)
   |  ||  |      +> [9, 8] Identifier (x)
   |  ||  |      `> NoInitialization
   |  ||  `> ListDeclMethod [List with 1 elements]
   |  ||     []> [10, 4] DeclMethod
   |  ||         +> [10, 4] Identifier (A)
   |  ||         +> [10, 6] Identifier (setX)
   |  ||         +> ListDeclParam [List with 1 elements]
   |  ||         |  []> [10, 11] DeclParam
   |  ||         |      +> [10, 11] Identifier (B)
   |  ||         |      `> [10, 13] Identifier (b)
   |  ||         `> [10, 16] MethodBody
   |  ||            +> ListDeclVar [List with 0 elements]
   |  ||            `> ListInst [List with 1 elements]
   |  ||               []> [11, 8] Return
   |  ||                   `> [11, 15] Identifier (b)
   |  []> [15, 0] DeclClass
   |      +> [15, 6] Identifier (B)
   |      +> [15, 16] Identifier (A)
   |      +> ListDeclField [List with 0 elements]
   |      `> ListDeclMethod [List with 0 elements]
   `> EmptyMain
