`> [8, 0] Program
   +> ListDeclClass [List with 1 elements]
   |  []> [8, 0] DeclClass
   |      +> [8, 6] Identifier (A)
   |      +> Identifier (Object)
   |      +> ListDeclField [List with 1 elements]
   |      |  []> [9, 10] DeclField
   |      |      +> [9, 4] Identifier (float)
   |      |      +> [9, 10] Identifier (x)
   |      |      `> Initialization
   |      |         `> [9, 14] Float (3.5)
   |      `> ListDeclMethod [List with 1 elements]
   |         []> [10, 4] DeclMethod
   |             +> [10, 4] Identifier (float)
   |             +> [10, 10] Identifier (getX)
   |             +> ListDeclParam [List with 0 elements]
   |             `> [10, 21] MethodBodyASM
   |                `> [10, 21] StringLiteral (WSTR "OK"
        WNL
        LOAD -2(LB), R1
        LOAD 1(R1), R0
        RTS)
   `> [17, 0] Main
      +> ListDeclVar [List with 1 elements]
      |  []> [18, 6] DeclVar
      |      +> [18, 4] Identifier (A)
      |      +> [18, 6] Identifier (oA)
      |      `> [18, 9] Initialization
      |         `> [18, 11] New
      |            `> [18, 15] Identifier (A)
      `> ListInst [List with 1 elements]
         []> [19, 4] Println
             `> ListExpr [List with 3 elements]
                []> [19, 12] StringLiteral (A:)
                []> [19, 18] MethodCall
                ||  +> [19, 18] Identifier (oA)
                ||  +> [19, 21] Identifier (getX)
                ||  `> ListExpr [List with 0 elements]
                []> [19, 29] StringLiteral (;)
