`> [1, 0] Program
   +> ListDeclClass [List with 0 elements]
   `> [1, 0] Main
      +> ListDeclVar [List with 1 elements]
      |  []> [2, 5] DeclVar
      |      +> [2, 1] Identifier (int)
      |      |  definition: type (builtin), type=int
      |      +> [2, 5] Identifier (x)
      |      |  definition: variable defined at [2, 5], type=int
      |      `> NoInitialization
      `> ListInst [List with 2 elements]
         []> [3, 2] Assign
         ||  type: int
         ||  +> [3, 1] Identifier (x)
         ||  |  definition: variable defined at [2, 5], type=int
         ||  `> [3, 3] Int (1)
         ||     type: int
         []> [4, 1] Println
             `> ListExpr [List with 2 elements]
                []> [4, 9] StringLiteral (1=)
                ||  type: string
                []> [4, 14] Identifier (x)
                    definition: variable defined at [2, 5], type=int
