`> [1, 0] Program
   +> ListDeclClass [List with 0 elements]
   `> [1, 0] Main
      +> ListDeclVar [List with 4 elements]
      |  []> [2, 5] DeclVar
      |  ||  +> [2, 1] Identifier (int)
      |  ||  |  definition: type (builtin), type=int
      |  ||  +> [2, 5] Identifier (x)
      |  ||  |  definition: variable defined at [2, 5], type=int
      |  ||  `> NoInitialization
      |  []> [3, 5] DeclVar
      |  ||  +> [3, 1] Identifier (int)
      |  ||  |  definition: type (builtin), type=int
      |  ||  +> [3, 5] Identifier (z)
      |  ||  |  definition: variable defined at [3, 5], type=int
      |  ||  `> NoInitialization
      |  []> [4, 12] DeclVar
      |  ||  +> [4, 8] Identifier (int)
      |  ||  |  definition: type (builtin), type=int
      |  ||  +> [4, 12] Identifier (y)
      |  ||  |  definition: variable defined at [4, 12], type=int
      |  ||  `> NoInitialization
      |  []> [4, 15] DeclVar
      |      +> [4, 8] Identifier (int)
      |      |  definition: type (builtin), type=int
      |      +> [4, 15] Identifier (t)
      |      |  definition: variable defined at [4, 15], type=int
      |      `> NoInitialization
      `> ListInst [List with 10 elements]
         []> [5, 2] Assign
         ||  type: int
         ||  +> [5, 1] Identifier (x)
         ||  |  definition: variable defined at [2, 5], type=int
         ||  `> [5, 3] Int (5)
         ||     type: int
         []> [6, 2] Assign
         ||  type: int
         ||  +> [6, 1] Identifier (y)
         ||  |  definition: variable defined at [4, 12], type=int
         ||  `> [6, 3] Int (3)
         ||     type: int
         []> [7, 1] Println
         ||  `> ListExpr [List with 2 elements]
         ||     []> [7, 9] StringLiteral (3=)
         ||     ||  type: string
         ||     []> [7, 14] Identifier (y)
         ||         definition: variable defined at [4, 12], type=int
         []> [8, 1] Println
         ||  `> ListExpr [List with 2 elements]
         ||     []> [8, 9] StringLiteral (5=)
         ||     ||  type: string
         ||     []> [8, 14] Identifier (x)
         ||         definition: variable defined at [2, 5], type=int
         []> [9, 1] Println
         ||  `> ListExpr [List with 1 elements]
         ||     []> [9, 9] StringLiteral (swap)
         ||         type: string
         []> [10, 2] Assign
         ||  type: int
         ||  +> [10, 1] Identifier (t)
         ||  |  definition: variable defined at [4, 15], type=int
         ||  `> [10, 3] Identifier (x)
         ||     definition: variable defined at [2, 5], type=int
         []> [11, 2] Assign
         ||  type: int
         ||  +> [11, 1] Identifier (x)
         ||  |  definition: variable defined at [2, 5], type=int
         ||  `> [11, 3] Identifier (y)
         ||     definition: variable defined at [4, 12], type=int
         []> [12, 2] Assign
         ||  type: int
         ||  +> [12, 1] Identifier (y)
         ||  |  definition: variable defined at [4, 12], type=int
         ||  `> [12, 3] Identifier (t)
         ||     definition: variable defined at [4, 15], type=int
         []> [13, 1] Println
         ||  `> ListExpr [List with 2 elements]
         ||     []> [13, 9] StringLiteral (5=)
         ||     ||  type: string
         ||     []> [13, 14] Identifier (y)
         ||         definition: variable defined at [4, 12], type=int
         []> [14, 1] Println
             `> ListExpr [List with 2 elements]
                []> [14, 9] StringLiteral (3=)
                ||  type: string
                []> [14, 14] Identifier (x)
                    definition: variable defined at [2, 5], type=int
